exec ${PAGER:-/usr/bin/less} "$0" || exit 1
Executing tests from //test:test
-----------------------------------------------------------------------------
Running main() from gmock_main.cc
[==========] Running 6 tests from 6 test suites.
[----------] Global test environment set-up.
[----------] 1 test from PipeTest1k
[ RUN      ] PipeTest1k.Pipe
FIFO already created
[       OK ] PipeTest1k.Pipe (12 ms)
[----------] 1 test from PipeTest1k (12 ms total)

[----------] 1 test from PipeTest1m
[ RUN      ] PipeTest1m.Pipe
FIFO already created
[       OK ] PipeTest1m.Pipe (15 ms)
[----------] 1 test from PipeTest1m (15 ms total)

[----------] 1 test from PipeTest10m
[ RUN      ] PipeTest10m.Pipe
FIFO already created
[       OK ] PipeTest10m.Pipe (41 ms)
[----------] 1 test from PipeTest10m (42 ms total)

[----------] 1 test from PipeTest100m
[ RUN      ] PipeTest100m.Pipe
FIFO already created
[       OK ] PipeTest100m.Pipe (220 ms)
[----------] 1 test from PipeTest100m (220 ms total)

[----------] 1 test from ArgsParser1
[ RUN      ] ArgsParser1.Argsparser
Usage: my_program [-p] for file transfer by named pipe
                  [-q] for file transfer by message queue (not implemented yet)
                  [-s] for file transfer by shared memory (not implemented yet)
                  [-f] for file to read/write
                  [-h] for this help command
                  Note: Please be careful about the file permissions
[       OK ] ArgsParser1.Argsparser (0 ms)
[----------] 1 test from ArgsParser1 (0 ms total)

[----------] 1 test from ArgsParser2
[ RUN      ] ArgsParser2.Argsparser
[       OK ] ArgsParser2.Argsparser (0 ms)
[----------] 1 test from ArgsParser2 (0 ms total)

[----------] Global test environment tear-down
[==========] 6 tests from 6 test suites ran. (289 ms total)
[  PASSED  ] 6 tests.
